../Core/Src/main.c:18:6:lcd_posalji_komandu	32	static
../Core/Src/main.c:37:6:lcd_posalji_podatak	32	static
../Core/Src/main.c:56:6:lcd_inicijaliziraj	8	static
../Core/Src/main.c:82:6:lcd_prazan_zaslon	8	static
../Core/Src/main.c:88:6:lcd_posalji_podatke	40	static
../Core/Src/main.c:104:6:lcd_redak_stupac	16	static
../Core/Src/main.c:123:6:zeleno_nadzornik_crveno_servis_ledice	8	static
../Core/Src/main.c:129:6:crveno_nadzornik_zeleno_servis_ledice	8	static
../Core/Src/main.c:145:6:HAL_GPIO_EXTI_Callback	24	static
../Core/Src/main.c:186:6:procitaj_znak	16	static
../Core/Src/main.c:222:5:main	24	static
../Core/Src/main.c:294:6:SystemClock_Config	88	static
../Core/Src/main.c:339:13:MX_I2C1_Init	8	static
../Core/Src/main.c:371:13:MX_GPIO_Init	48	static
../Core/Src/main.c:454:6:Error_Handler	4	static,ignoring_inline_asm
